C51 COMPILER V9.01   1602                                                                  06/27/2021 23:25:09 PAGE 1   


C51 COMPILER V9.01, COMPILATION OF MODULE 1602
OBJECT MODULE PLACED IN .\OBJ\1602.obj
COMPILER INVOKED BY: D:\keil 4.0\C51\BIN\C51.EXE src\1602.c BROWSE INCDIR(.\include) DEBUG OBJECTEXTEND PRINT(.\1602.lst
                    -) OBJECT(.\OBJ\1602.obj)

line level    source

   1          #include "reg51.h"
   2          #include "1602.h"
   3          
   4          uchar dig_convert(uint d, uint* ret)
   5          {
   6   1              if(d <= 999)
   7   1              {
   8   2                      ret[0] = d/100;
   9   2                      ret[1] = d/10%10;
  10   2                      ret[2] = d%10;
  11   2      
  12   2                      return 0;
  13   2              }
  14   1              else
  15   1              {
  16   2                      ret[0] = d/1000;
  17   2                      ret[1] = d/100%10;
  18   2                      ret[2] = d/10%10;
  19   2                      ret[3] = d%10;
  20   2      
  21   2                      return 1;
  22   2              }
  23   1      }
  24          
  25          void display_1602(uchar pos, uint v)
  26          {       
  27   1              uint da[4];
  28   1              uchar flag;
  29   1              if(pos != 0)
  30   1                      write_com(pos);
  31   1      
  32   1              flag = dig_convert(v, da);
  33   1              write_dat(0x30 + da[0]);
  34   1              write_dat(0x30 + da[1]);
  35   1              
  36   1              if(flag)
  37   1              {
  38   2                      write_dat(0x30 + da[2]);
  39   2                      write_dat('.');
  40   2                      write_dat(0x30 + da[3]);
  41   2              }
  42   1              else
  43   1              {
  44   2                      write_dat('.');
  45   2                      write_dat(0x30 + da[2]);
  46   2              }
  47   1      }
  48          
  49          void write_string(uchar pos, const char* str)
  50          {
  51   1              if(pos != 0)
  52   1                      write_com(pos);
  53   1              
  54   1              while(*str)
C51 COMPILER V9.01   1602                                                                  06/27/2021 23:25:09 PAGE 2   

  55   1              {
  56   2                      write_dat(*str);
  57   2                      
  58   2                      str++;
  59   2              }
  60   1      }
  61          
  62          void delay2(uint z)
  63          {
  64   1              uchar x,y;
  65   1              for(x=z;x>0;x--)
  66   1                      for(y=110;y>0;y--);
  67   1      }
  68          
  69          void write_dat(uchar dat)
  70          {
  71   1              lcden=0;
  72   1              lcdrs=1;
  73   1              P0=dat;
  74   1              delay2(5);
  75   1              lcden=1;
  76   1              delay2(5);
  77   1              lcden=0;
  78   1              lcdrs=0;
  79   1      }
  80          
  81          void write_com(uchar com)
  82          {
  83   1              lcden=0;
  84   1              lcdrs=0;
  85   1              P0=com;
  86   1              delay2(5);
  87   1              lcden=1;
  88   1              delay2(5);
  89   1              lcden=0;
  90   1      }
  91          
  92          void init_1602()
  93          {
  94   1              dula=0;
  95   1              wela=0; 
  96   1              write_com(0x38);
  97   1              write_com(0x0c);
  98   1              write_com(0x06);
  99   1              write_com(0x01);
 100   1              write_com(0x80+0x00);
 101   1      }


MODULE INFORMATION:   STATIC OVERLAYABLE
   CODE SIZE        =    408    ----
   CONSTANT SIZE    =   ----    ----
   XDATA SIZE       =   ----    ----
   PDATA SIZE       =   ----    ----
   DATA SIZE        =   ----      19
   IDATA SIZE       =   ----    ----
   BIT SIZE         =   ----    ----
END OF MODULE INFORMATION.


C51 COMPILATION COMPLETE.  0 WARNING(S),  0 ERROR(S)
